Archive member included to satisfy reference by file (symbol)

c:/st/stm32cubeide_1.4.0/stm32cubeide/plugins/com.st.stm32cube.ide.mcu.externaltools.gnu-tools-for-stm32.7-2018-q2-update.win32_1.4.0.202007081208/tools/bin/../lib/gcc/arm-none-eabi/7.3.1/../../../../arm-none-eabi/lib/thumb/v7-m\libc_nano.a(lib_a-errno.o)
                              Src/syscalls.o (__errno)
c:/st/stm32cubeide_1.4.0/stm32cubeide/plugins/com.st.stm32cube.ide.mcu.externaltools.gnu-tools-for-stm32.7-2018-q2-update.win32_1.4.0.202007081208/tools/bin/../lib/gcc/arm-none-eabi/7.3.1/../../../../arm-none-eabi/lib/thumb/v7-m\libc_nano.a(lib_a-exit.o)
                              c:/st/stm32cubeide_1.4.0/stm32cubeide/plugins/com.st.stm32cube.ide.mcu.externaltools.gnu-tools-for-stm32.7-2018-q2-update.win32_1.4.0.202007081208/tools/bin/../lib/gcc/arm-none-eabi/7.3.1/../../../../arm-none-eabi/lib/thumb/v7-m/crt0.o (exit)
c:/st/stm32cubeide_1.4.0/stm32cubeide/plugins/com.st.stm32cube.ide.mcu.externaltools.gnu-tools-for-stm32.7-2018-q2-update.win32_1.4.0.202007081208/tools/bin/../lib/gcc/arm-none-eabi/7.3.1/../../../../arm-none-eabi/lib/thumb/v7-m\libc_nano.a(lib_a-impure.o)
                              c:/st/stm32cubeide_1.4.0/stm32cubeide/plugins/com.st.stm32cube.ide.mcu.externaltools.gnu-tools-for-stm32.7-2018-q2-update.win32_1.4.0.202007081208/tools/bin/../lib/gcc/arm-none-eabi/7.3.1/../../../../arm-none-eabi/lib/thumb/v7-m\libc_nano.a(lib_a-exit.o) (_global_impure_ptr)
c:/st/stm32cubeide_1.4.0/stm32cubeide/plugins/com.st.stm32cube.ide.mcu.externaltools.gnu-tools-for-stm32.7-2018-q2-update.win32_1.4.0.202007081208/tools/bin/../lib/gcc/arm-none-eabi/7.3.1/../../../../arm-none-eabi/lib/thumb/v7-m\libc_nano.a(lib_a-init.o)
                              c:/st/stm32cubeide_1.4.0/stm32cubeide/plugins/com.st.stm32cube.ide.mcu.externaltools.gnu-tools-for-stm32.7-2018-q2-update.win32_1.4.0.202007081208/tools/bin/../lib/gcc/arm-none-eabi/7.3.1/../../../../arm-none-eabi/lib/thumb/v7-m/crt0.o (__libc_init_array)
c:/st/stm32cubeide_1.4.0/stm32cubeide/plugins/com.st.stm32cube.ide.mcu.externaltools.gnu-tools-for-stm32.7-2018-q2-update.win32_1.4.0.202007081208/tools/bin/../lib/gcc/arm-none-eabi/7.3.1/../../../../arm-none-eabi/lib/thumb/v7-m\libc_nano.a(lib_a-memset.o)
                              c:/st/stm32cubeide_1.4.0/stm32cubeide/plugins/com.st.stm32cube.ide.mcu.externaltools.gnu-tools-for-stm32.7-2018-q2-update.win32_1.4.0.202007081208/tools/bin/../lib/gcc/arm-none-eabi/7.3.1/../../../../arm-none-eabi/lib/thumb/v7-m/crt0.o (memset)

Allocating common symbols
Common symbol       size              file

GP_IRQ_CALLBACK     0x40              STM32F103C6_Drivers/EXTI.o
data                0x2               Src/main.o

Discarded input sections

 .text          0x0000000000000000        0x0 c:/st/stm32cubeide_1.4.0/stm32cubeide/plugins/com.st.stm32cube.ide.mcu.externaltools.gnu-tools-for-stm32.7-2018-q2-update.win32_1.4.0.202007081208/tools/bin/../lib/gcc/arm-none-eabi/7.3.1/thumb/v7-m/crti.o
 .data          0x0000000000000000        0x0 c:/st/stm32cubeide_1.4.0/stm32cubeide/plugins/com.st.stm32cube.ide.mcu.externaltools.gnu-tools-for-stm32.7-2018-q2-update.win32_1.4.0.202007081208/tools/bin/../lib/gcc/arm-none-eabi/7.3.1/thumb/v7-m/crti.o
 .bss           0x0000000000000000        0x0 c:/st/stm32cubeide_1.4.0/stm32cubeide/plugins/com.st.stm32cube.ide.mcu.externaltools.gnu-tools-for-stm32.7-2018-q2-update.win32_1.4.0.202007081208/tools/bin/../lib/gcc/arm-none-eabi/7.3.1/thumb/v7-m/crti.o
 .data          0x0000000000000000        0x4 c:/st/stm32cubeide_1.4.0/stm32cubeide/plugins/com.st.stm32cube.ide.mcu.externaltools.gnu-tools-for-stm32.7-2018-q2-update.win32_1.4.0.202007081208/tools/bin/../lib/gcc/arm-none-eabi/7.3.1/thumb/v7-m/crtbegin.o
 .text          0x0000000000000000       0x74 c:/st/stm32cubeide_1.4.0/stm32cubeide/plugins/com.st.stm32cube.ide.mcu.externaltools.gnu-tools-for-stm32.7-2018-q2-update.win32_1.4.0.202007081208/tools/bin/../lib/gcc/arm-none-eabi/7.3.1/../../../../arm-none-eabi/lib/thumb/v7-m/crt0.o
 .data          0x0000000000000000        0x0 c:/st/stm32cubeide_1.4.0/stm32cubeide/plugins/com.st.stm32cube.ide.mcu.externaltools.gnu-tools-for-stm32.7-2018-q2-update.win32_1.4.0.202007081208/tools/bin/../lib/gcc/arm-none-eabi/7.3.1/../../../../arm-none-eabi/lib/thumb/v7-m/crt0.o
 .bss           0x0000000000000000        0x0 c:/st/stm32cubeide_1.4.0/stm32cubeide/plugins/com.st.stm32cube.ide.mcu.externaltools.gnu-tools-for-stm32.7-2018-q2-update.win32_1.4.0.202007081208/tools/bin/../lib/gcc/arm-none-eabi/7.3.1/../../../../arm-none-eabi/lib/thumb/v7-m/crt0.o
 .ARM.extab     0x0000000000000000        0x0 c:/st/stm32cubeide_1.4.0/stm32cubeide/plugins/com.st.stm32cube.ide.mcu.externaltools.gnu-tools-for-stm32.7-2018-q2-update.win32_1.4.0.202007081208/tools/bin/../lib/gcc/arm-none-eabi/7.3.1/../../../../arm-none-eabi/lib/thumb/v7-m/crt0.o
[...]
Memory Configuration

Name             Origin             Length             Attributes
RAM              0x0000000020000000 0x0000000000002800 xrw
ROM              0x0000000008000000 0x0000000000008000 xr
*default*        0x0000000000000000 0xffffffffffffffff

Linker script and memory map

LOAD c:/st/stm32cubeide_1.4.0/stm32cubeide/plugins/com.st.stm32cube.ide.mcu.externaltools.gnu-tools-for-stm32.7-2018-q2-update.win32_1.4.0.202007081208/tools/bin/../lib/gcc/arm-none-eabi/7.3.1/thumb/v7-m/crti.o
LOAD c:/st/stm32cubeide_1.4.0/stm32cubeide/plugins/com.st.stm32cube.ide.mcu.externaltools.gnu-tools-for-stm32.7-2018-q2-update.win32_1.4.0.202007081208/tools/bin/../lib/gcc/arm-none-eabi/7.3.1/thumb/v7-m/crtbegin.o
LOAD c:/st/stm32cubeide_1.4.0/stm32cubeide/plugins/com.st.stm32cube.ide.mcu.externaltools.gnu-tools-for-stm32.7-2018-q2-update.win32_1.4.0.202007081208/tools/bin/../lib/gcc/arm-none-eabi/7.3.1/../../../../arm-none-eabi/lib/thumb/v7-m/crt0.o
LOAD STM32F103C6_Drivers/EXTI.o
LOAD STM32F103C6_Drivers/GPIO.o
LOAD STM32F103C6_Drivers/RCC.o
LOAD STM32F103C6_Drivers/Keypad_driver/KEYPAD.o
LOAD STM32F103C6_Drivers/LCD_driver/LCD.o
LOAD STM32F103C6_Drivers/SPI_driver/SPI.o
LOAD STM32F103C6_Drivers/Seven_segment_driver/Seven_segment.o
LOAD STM32F103C6_Drivers/USART_driver/USART.o
LOAD Src/main.o
LOAD Src/syscalls.o
LOAD Src/sysmem.o
LOAD Startup/startup_stm32f103c6tx.o
START GROUP
LOAD c:/st/stm32cubeide_1.4.0/stm32cubeide/plugins/com.st.stm32cube.ide.mcu.externaltools.gnu-tools-for-stm32.7-2018-q2-update.win32_1.4.0.202007081208/tools/bin/../lib/gcc/arm-none-eabi/7.3.1/../../../../arm-none-eabi/lib/thumb/v7-m\libc_nano.a
LOAD c:/st/stm32cubeide_1.4.0/stm32cubeide/plugins/com.st.stm32cube.ide.mcu.externaltools.gnu-tools-for-stm32.7-2018-q2-update.win32_1.4.0.202007081208/tools/bin/../lib/gcc/arm-none-eabi/7.3.1/../../../../arm-none-eabi/lib/thumb/v7-m\libm.a
END GROUP
START GROUP
LOAD c:/st/stm32cubeide_1.4.0/stm32cubeide/plugins/com.st.stm32cube.ide.mcu.externaltools.gnu-tools-for-stm32.7-2018-q2-update.win32_1.4.0.202007081208/tools/bin/../lib/gcc/arm-none-eabi/7.3.1/thumb/v7-m\libgcc.a
LOAD c:/st/stm32cubeide_1.4.0/stm32cubeide/plugins/com.st.stm32cube.ide.mcu.externaltools.gnu-tools-for-stm32.7-2018-q2-update.win32_1.4.0.202007081208/tools/bin/../lib/gcc/arm-none-eabi/7.3.1/../../../../arm-none-eabi/lib/thumb/v7-m\libg_nano.a
LOAD c:/st/stm32cubeide_1.4.0/stm32cubeide/plugins/com.st.stm32cube.ide.mcu.externaltools.gnu-tools-for-stm32.7-2018-q2-update.win32_1.4.0.202007081208/tools/bin/../lib/gcc/arm-none-eabi/7.3.1/../../../../arm-none-eabi/lib/thumb/v7-m\libc_nano.a
END GROUP
START GROUP
LOAD c:/st/stm32cubeide_1.4.0/stm32cubeide/plugins/com.st.stm32cube.ide.mcu.externaltools.gnu-tools-for-stm32.7-2018-q2-update.win32_1.4.0.202007081208/tools/bin/../lib/gcc/arm-none-eabi/7.3.1/thumb/v7-m\libgcc.a
LOAD c:/st/stm32cubeide_1.4.0/stm32cubeide/plugins/com.st.stm32cube.ide.mcu.externaltools.gnu-tools-for-stm32.7-2018-q2-update.win32_1.4.0.202007081208/tools/bin/../lib/gcc/arm-none-eabi/7.3.1/../../../../arm-none-eabi/lib/thumb/v7-m\libc_nano.a
LOAD c:/st/stm32cubeide_1.4.0/stm32cubeide/plugins/com.st.stm32cube.ide.mcu.externaltools.gnu-tools-for-stm32.7-2018-q2-update.win32_1.4.0.202007081208/tools/bin/../lib/gcc/arm-none-eabi/7.3.1/../../../../arm-none-eabi/lib/thumb/v7-m\libnosys.a
END GROUP
START GROUP
LOAD c:/st/stm32cubeide_1.4.0/stm32cubeide/plugins/com.st.stm32cube.ide.mcu.externaltools.gnu-tools-for-stm32.7-2018-q2-update.win32_1.4.0.202007081208/tools/bin/../lib/gcc/arm-none-eabi/7.3.1/thumb/v7-m\libgcc.a
LOAD c:/st/stm32cubeide_1.4.0/stm32cubeide/plugins/com.st.stm32cube.ide.mcu.externaltools.gnu-tools-for-stm32.7-2018-q2-update.win32_1.4.0.202007081208/tools/bin/../lib/gcc/arm-none-eabi/7.3.1/../../../../arm-none-eabi/lib/thumb/v7-m\libc_nano.a
LOAD c:/st/stm32cubeide_1.4.0/stm32cubeide/plugins/com.st.stm32cube.ide.mcu.externaltools.gnu-tools-for-stm32.7-2018-q2-update.win32_1.4.0.202007081208/tools/bin/../lib/gcc/arm-none-eabi/7.3.1/../../../../arm-none-eabi/lib/thumb/v7-m\libnosys.a
END GROUP
LOAD c:/st/stm32cubeide_1.4.0/stm32cubeide/plugins/com.st.stm32cube.ide.mcu.externaltools.gnu-tools-for-stm32.7-2018-q2-update.win32_1.4.0.202007081208/tools/bin/../lib/gcc/arm-none-eabi/7.3.1/thumb/v7-m/crtend.o
LOAD c:/st/stm32cubeide_1.4.0/stm32cubeide/plugins/com.st.stm32cube.ide.mcu.externaltools.gnu-tools-for-stm32.7-2018-q2-update.win32_1.4.0.202007081208/tools/bin/../lib/gcc/arm-none-eabi/7.3.1/thumb/v7-m/crtn.o
                0x0000000020002800                _estack = (ORIGIN (RAM) + LENGTH (RAM))
                0x0000000000000200                _Min_Heap_Size = 0x200
                0x0000000000000400                _Min_Stack_Size = 0x400

.isr_vector     0x0000000008000000      0x130
                0x0000000008000000                . = ALIGN (0x4)
 *(.isr_vector)
 .isr_vector    0x0000000008000000      0x130 Startup/startup_stm32f103c6tx.o
                0x0000000008000000                g_pfnVectors
                0x0000000008000130                . = ALIGN (0x4)

.text           0x0000000008000130      0xdd0
                0x0000000008000130                . = ALIGN (0x4)
 *(.text)
 .text          0x0000000008000130       0x40 c:/st/stm32cubeide_1.4.0/stm32cubeide/plugins/com.st.stm32cube.ide.mcu.externaltools.gnu-tools-for-stm32.7-2018-q2-update.win32_1.4.0.202007081208/tools/bin/../lib/gcc/arm-none-eabi/7.3.1/thumb/v7-m/crtbegin.o
 *(.text*)
 .text.EXTI0_IRQHandler
                0x0000000008000170       0x24 STM32F103C6_Drivers/EXTI.o
                0x0000000008000170                EXTI0_IRQHandler
 .text.EXTI1_IRQHandler
                0x0000000008000194       0x24 STM32F103C6_Drivers/EXTI.o
                0x0000000008000194                EXTI1_IRQHandler
 .text.EXTI2_IRQHandler
                0x00000000080001b8       0x24 STM32F103C6_Drivers/EXTI.o
                0x00000000080001b8                EXTI2_IRQHandler
 .text.EXTI3_IRQHandler
                0x00000000080001dc       0x24 STM32F103C6_Drivers/EXTI.o
                0x00000000080001dc                EXTI3_IRQHandler
 .text.EXTI4_IRQHandler
                0x0000000008000200       0x24 STM32F103C6_Drivers/EXTI.o
                0x0000000008000200                EXTI4_IRQHandler
 .text.EXTI9_5_IRQHandler
                0x0000000008000224       0xa8 STM32F103C6_Drivers/EXTI.o
                0x0000000008000224                EXTI9_5_IRQHandler
 .text.EXTI15_10_IRQHandler
                0x00000000080002cc       0xc4 STM32F103C6_Drivers/EXTI.o
                0x00000000080002cc                EXTI15_10_IRQHandler
 .text.Get_PIN_Position
                0x0000000008000390       0xa6 STM32F103C6_Drivers/GPIO.o
                0x0000000008000390                Get_PIN_Position
 .text.MCAL_GPIO_Init
                0x0000000008000436      0x13c STM32F103C6_Drivers/GPIO.o
                0x0000000008000436                MCAL_GPIO_Init
 *fill*         0x0000000008000572        0x2 
 .text.RCC_GET_SYSCLK_FREQ
                0x0000000008000574       0x44 STM32F103C6_Drivers/RCC.o
                0x0000000008000574                RCC_GET_SYSCLK_FREQ
 .text.RCC_GET_HCLK_FREQ
                0x00000000080005b8       0x28 STM32F103C6_Drivers/RCC.o
                0x00000000080005b8                RCC_GET_HCLK_FREQ
 .text.RCC_GET_PCLK1_FREQ
                0x00000000080005e0       0x28 STM32F103C6_Drivers/RCC.o
                0x00000000080005e0                RCC_GET_PCLK1_FREQ
 .text.RCC_GET_PCLK2_FREQ
                0x0000000008000608       0x28 STM32F103C6_Drivers/RCC.o
                0x0000000008000608                RCC_GET_PCLK2_FREQ
 .text.MCAL_SPI_INIT
                0x0000000008000630      0x11c STM32F103C6_Drivers/SPI_driver/SPI.o
                0x0000000008000630                MCAL_SPI_INIT
 .text.MCAL_SPI_SEND_RECEIVE_DATA
                0x000000000800074c       0x54 STM32F103C6_Drivers/SPI_driver/SPI.o
                0x000000000800074c                MCAL_SPI_SEND_RECEIVE_DATA
 .text.MCAL_SPI_GPIO_SET_PINS
                0x00000000080007a0      0x1e4 STM32F103C6_Drivers/SPI_driver/SPI.o
                0x00000000080007a0                MCAL_SPI_GPIO_SET_PINS
 .text.SPI1_IRQHandler
                0x0000000008000984       0x5c STM32F103C6_Drivers/SPI_driver/SPI.o
                0x0000000008000984                SPI1_IRQHandler
 .text.SPI2_IRQHandler
                0x00000000080009e0       0x5c STM32F103C6_Drivers/SPI_driver/SPI.o
                0x00000000080009e0                SPI2_IRQHandler
 .text.MCAL_UART_Init
                0x0000000008000a3c      0x198 STM32F103C6_Drivers/USART_driver/USART.o
                0x0000000008000a3c                MCAL_UART_Init
 .text.MCAL_UART_TRANSMIT
                0x0000000008000bd4       0x54 STM32F103C6_Drivers/USART_driver/USART.o
                0x0000000008000bd4                MCAL_UART_TRANSMIT
 .text.MCAL_UART_GPIO_SET_PINS
                0x0000000008000c28       0xcc STM32F103C6_Drivers/USART_driver/USART.o
                0x0000000008000c28                MCAL_UART_GPIO_SET_PINS
 .text.USART1_IRQHandler
                0x0000000008000cf4       0x14 STM32F103C6_Drivers/USART_driver/USART.o
                0x0000000008000cf4                USART1_IRQHandler
 .text.USART2_IRQHandler
                0x0000000008000d08       0x14 STM32F103C6_Drivers/USART_driver/USART.o
                0x0000000008000d08                USART2_IRQHandler
 .text.USART3_IRQHandler
                0x0000000008000d1c       0x14 STM32F103C6_Drivers/USART_driver/USART.o
                0x0000000008000d1c                USART3_IRQHandler
 .text.CLOCK_INIT
                0x0000000008000d30       0x34 Src/main.o
                0x0000000008000d30                CLOCK_INIT
 .text.SPI_IRQ_CALLBACK
                0x0000000008000d64       0x44 Src/main.o
                0x0000000008000d64                SPI_IRQ_CALLBACK
 .text.UART_IRQ_CALLBACK
                0x0000000008000da8        0xc Src/main.o
                0x0000000008000da8                UART_IRQ_CALLBACK
 .text.main     0x0000000008000db4       0x98 Src/main.o
                0x0000000008000db4                main
 .text.Reset_Handler
                0x0000000008000e4c       0x50 Startup/startup_stm32f103c6tx.o
                0x0000000008000e4c                Reset_Handler
 .text.Default_Handler
                0x0000000008000e9c        0x2 Startup/startup_stm32f103c6tx.o
                0x0000000008000e9c                TIM8_TRG_COM_IRQHandler
                0x0000000008000e9c                TIM8_CC_IRQHandler
                0x0000000008000e9c                DebugMon_Handler
                0x0000000008000e9c                TIM1_CC_IRQHandler
                0x0000000008000e9c                HardFault_Handler
                0x0000000008000e9c                TIM6_IRQHandler
                0x0000000008000e9c                SysTick_Handler
                0x0000000008000e9c                PVD_IRQHandler
                0x0000000008000e9c                SDIO_IRQHandler
                0x0000000008000e9c                PendSV_Handler
                0x0000000008000e9c                NMI_Handler
                0x0000000008000e9c                USB_HP_CAN_TX_IRQHandler
                0x0000000008000e9c                I2C2_EV_IRQHandler
                0x0000000008000e9c                UsageFault_Handler
                0x0000000008000e9c                ADC1_2_IRQHandler
                0x0000000008000e9c                CAN_SCE_IRQHandler
                0x0000000008000e9c                TAMPER_IRQHandler
                0x0000000008000e9c                TIM8_UP_IRQHandler
                0x0000000008000e9c                DMA2_Channel2_IRQHandler
                0x0000000008000e9c                DMA1_Channel4_IRQHandler
                0x0000000008000e9c                RTC_IRQHandler
                0x0000000008000e9c                DMA1_Channel7_IRQHandler
                0x0000000008000e9c                UART5_IRQHandler
                0x0000000008000e9c                ADC3_IRQHandler
                0x0000000008000e9c                TIM4_IRQHandler
                0x0000000008000e9c                CAN_RX1_IRQHandler
                0x0000000008000e9c                DMA2_Channel1_IRQHandler
                0x0000000008000e9c                I2C1_EV_IRQHandler
                0x0000000008000e9c                DMA1_Channel6_IRQHandler
                0x0000000008000e9c                UART4_IRQHandler
                0x0000000008000e9c                TIM3_IRQHandler
                0x0000000008000e9c                RCC_IRQHandler
                0x0000000008000e9c                TIM1_TRG_COM_IRQHandler
                0x0000000008000e9c                DMA1_Channel1_IRQHandler
                0x0000000008000e9c                Default_Handler
                0x0000000008000e9c                TIM7_IRQHandler
                0x0000000008000e9c                TIM5_IRQHandler
                0x0000000008000e9c                USB_LP_CAN_RX0_IRQHandler
                0x0000000008000e9c                MemManage_Handler
                0x0000000008000e9c                SVC_Handler
                0x0000000008000e9c                DMA1_Channel5_IRQHandler
                0x0000000008000e9c                DMA1_Channel3_IRQHandler
                0x0000000008000e9c                FSMC_IRQHandler
                0x0000000008000e9c                TIM1_UP_IRQHandler
                0x0000000008000e9c                WWDG_IRQHandler
                0x0000000008000e9c                TIM2_IRQHandler
                0x0000000008000e9c                TIM1_BRK_IRQHandler
                0x0000000008000e9c                RTCAlarm_IRQHandler
                0x0000000008000e9c                DMA2_Channel4_5_IRQHandler
                0x0000000008000e9c                I2C2_ER_IRQHandler
                0x0000000008000e9c                DMA1_Channel2_IRQHandler
                0x0000000008000e9c                TIM8_BRK_IRQHandler
                0x0000000008000e9c                FLASH_IRQHandler
                0x0000000008000e9c                BusFault_Handler
                0x0000000008000e9c                SPI3_IRQHandler
                0x0000000008000e9c                I2C1_ER_IRQHandler
                0x0000000008000e9c                DMA2_Channel3_IRQHandler
 *fill*         0x0000000008000e9e        0x2 
 .text.__libc_init_array
                0x0000000008000ea0       0x48 c:/st/stm32cubeide_1.4.0/stm32cubeide/plugins/com.st.stm32cube.ide.mcu.externaltools.gnu-tools-for-stm32.7-2018-q2-update.win32_1.4.0.202007081208/tools/bin/../lib/gcc/arm-none-eabi/7.3.1/../../../../arm-none-eabi/lib/thumb/v7-m\libc_nano.a(lib_a-init.o)
                0x0000000008000ea0                __libc_init_array
 *(.glue_7)
 .glue_7        0x0000000008000ee8        0x0 linker stubs
 *(.glue_7t)
 .glue_7t       0x0000000008000ee8        0x0 linker stubs
 *(.eh_frame)
 .eh_frame      0x0000000008000ee8        0x0 c:/st/stm32cubeide_1.4.0/stm32cubeide/plugins/com.st.stm32cube.ide.mcu.externaltools.gnu-tools-for-stm32.7-2018-q2-update.win32_1.4.0.202007081208/tools/bin/../lib/gcc/arm-none-eabi/7.3.1/thumb/v7-m/crtbegin.o
 *(.init)
 .init          0x0000000008000ee8        0x4 c:/st/stm32cubeide_1.4.0/stm32cubeide/plugins/com.st.stm32cube.ide.mcu.externaltools.gnu-tools-for-stm32.7-2018-q2-update.win32_1.4.0.202007081208/tools/bin/../lib/gcc/arm-none-eabi/7.3.1/thumb/v7-m/crti.o
                0x0000000008000ee8                _init
 .init          0x0000000008000eec        0x8 c:/st/stm32cubeide_1.4.0/stm32cubeide/plugins/com.st.stm32cube.ide.mcu.externaltools.gnu-tools-for-stm32.7-2018-q2-update.win32_1.4.0.202007081208/tools/bin/../lib/gcc/arm-none-eabi/7.3.1/thumb/v7-m/crtn.o
 *(.fini)
 .fini          0x0000000008000ef4        0x4 c:/st/stm32cubeide_1.4.0/stm32cubeide/plugins/com.st.stm32cube.ide.mcu.externaltools.gnu-tools-for-stm32.7-2018-q2-update.win32_1.4.0.202007081208/tools/bin/../lib/gcc/arm-none-eabi/7.3.1/thumb/v7-m/crti.o
                0x0000000008000ef4                _fini
 .fini          0x0000000008000ef8        0x8 c:/st/stm32cubeide_1.4.0/stm32cubeide/plugins/com.st.stm32cube.ide.mcu.externaltools.gnu-tools-for-stm32.7-2018-q2-update.win32_1.4.0.202007081208/tools/bin/../lib/gcc/arm-none-eabi/7.3.1/thumb/v7-m/crtn.o
                0x0000000008000f00                . = ALIGN (0x4)
                0x0000000008000f00                _etext = .

.vfp11_veneer   0x0000000008000f00        0x0
 .vfp11_veneer  0x0000000008000f00        0x0 linker stubs

.v4_bx          0x0000000008000f00        0x0
 .v4_bx         0x0000000008000f00        0x0 linker stubs

.iplt           0x0000000008000f00        0x0
 .iplt          0x0000000008000f00        0x0 c:/st/stm32cubeide_1.4.0/stm32cubeide/plugins/com.st.stm32cube.ide.mcu.externaltools.gnu-tools-for-stm32.7-2018-q2-update.win32_1.4.0.202007081208/tools/bin/../lib/gcc/arm-none-eabi/7.3.1/thumb/v7-m/crtbegin.o

.rodata         0x0000000008000f00       0x18
                0x0000000008000f00                . = ALIGN (0x4)
 *(.rodata)
 *(.rodata*)
 .rodata.APBprescaler_Table
                0x0000000008000f00        0x8 STM32F103C6_Drivers/RCC.o
                0x0000000008000f00                APBprescaler_Table
 .rodata.AHBprescaler_Table
                0x0000000008000f08       0x10 STM32F103C6_Drivers/RCC.o
                0x0000000008000f08                AHBprescaler_Table
                0x0000000008000f18                . = ALIGN (0x4)

.rel.dyn        0x0000000008000f18        0x0
 .rel.iplt      0x0000000008000f18        0x0 c:/st/stm32cubeide_1.4.0/stm32cubeide/plugins/com.st.stm32cube.ide.mcu.externaltools.gnu-tools-for-stm32.7-2018-q2-update.win32_1.4.0.202007081208/tools/bin/../lib/gcc/arm-none-eabi/7.3.1/thumb/v7-m/crtbegin.o

.ARM.extab      0x0000000008000f18        0x0
                0x0000000008000f18                . = ALIGN (0x4)
 *(.ARM.extab* .gnu.linkonce.armextab.*)
                0x0000000008000f18                . = ALIGN (0x4)

.ARM            0x0000000008000f18        0x0
                0x0000000008000f18                . = ALIGN (0x4)
                0x0000000008000f18                __exidx_start = .
 *(.ARM.exidx*)
                0x0000000008000f18                __exidx_end = .
                0x0000000008000f18                . = ALIGN (0x4)

.preinit_array  0x0000000008000f18        0x0
                0x0000000008000f18                . = ALIGN (0x4)
                0x0000000008000f18                PROVIDE (__preinit_array_start = .)
 *(.preinit_array*)
                0x0000000008000f18                PROVIDE (__preinit_array_end = .)
                0x0000000008000f18                . = ALIGN (0x4)

.init_array     0x0000000008000f18        0x4
                0x0000000008000f18                . = ALIGN (0x4)
                0x0000000008000f18                PROVIDE (__init_array_start = .)
 *(SORT_BY_NAME(.init_array.*))
 *(.init_array*)
 .init_array    0x0000000008000f18        0x4 c:/st/stm32cubeide_1.4.0/stm32cubeide/plugins/com.st.stm32cube.ide.mcu.externaltools.gnu-tools-for-stm32.7-2018-q2-update.win32_1.4.0.202007081208/tools/bin/../lib/gcc/arm-none-eabi/7.3.1/thumb/v7-m/crtbegin.o
                0x0000000008000f1c                PROVIDE (__init_array_end = .)
                0x0000000008000f1c                . = ALIGN (0x4)

.fini_array     0x0000000008000f1c        0x4
                0x0000000008000f1c                . = ALIGN (0x4)
                [!provide]                        PROVIDE (__fini_array_start = .)
 *(SORT_BY_NAME(.fini_array.*))
 *(.fini_array*)
 .fini_array    0x0000000008000f1c        0x4 c:/st/stm32cubeide_1.4.0/stm32cubeide/plugins/com.st.stm32cube.ide.mcu.externaltools.gnu-tools-for-stm32.7-2018-q2-update.win32_1.4.0.202007081208/tools/bin/../lib/gcc/arm-none-eabi/7.3.1/thumb/v7-m/crtbegin.o
                [!provide]                        PROVIDE (__fini_array_end = .)
                0x0000000008000f20                . = ALIGN (0x4)
                0x0000000008000f20                _sidata = LOADADDR (.data)

.data           0x0000000020000000        0x0 load address 0x0000000008000f20
                0x0000000020000000                . = ALIGN (0x4)
                0x0000000020000000                _sdata = .
 *(.data)
 *(.data*)
                0x0000000020000000                . = ALIGN (0x4)
                0x0000000020000000                _edata = .

.igot.plt       0x0000000020000000        0x0 load address 0x0000000008000f20
 .igot.plt      0x0000000020000000        0x0 c:/st/stm32cubeide_1.4.0/stm32cubeide/plugins/com.st.stm32cube.ide.mcu.externaltools.gnu-tools-for-stm32.7-2018-q2-update.win32_1.4.0.202007081208/tools/bin/../lib/gcc/arm-none-eabi/7.3.1/thumb/v7-m/crtbegin.o
                0x0000000020000000                . = ALIGN (0x4)

.bss            0x0000000020000000       0x78 load address 0x0000000008000f20
                0x0000000020000000                _sbss = .
                0x0000000020000000                __bss_start__ = _sbss
 *(.bss)
 .bss           0x0000000020000000       0x1c c:/st/stm32cubeide_1.4.0/stm32cubeide/plugins/com.st.stm32cube.ide.mcu.externaltools.gnu-tools-for-stm32.7-2018-q2-update.win32_1.4.0.202007081208/tools/bin/../lib/gcc/arm-none-eabi/7.3.1/thumb/v7-m/crtbegin.o
 *(.bss*)
 .bss.GLOBAL_SPIx_Config
                0x000000002000001c        0x8 STM32F103C6_Drivers/SPI_driver/SPI.o
                0x000000002000001c                GLOBAL_SPIx_Config
 .bss.GLOBAL_UART_Config
                0x0000000020000024        0x4 STM32F103C6_Drivers/USART_driver/USART.o
                0x0000000020000024                GLOBAL_UART_Config
 .bss.GLOBAL_UARTx_Config
                0x0000000020000028        0xc STM32F103C6_Drivers/USART_driver/USART.o
                0x0000000020000028                GLOBAL_UARTx_Config
 *(COMMON)
 COMMON         0x0000000020000034       0x40 STM32F103C6_Drivers/EXTI.o
                0x0000000020000034                GP_IRQ_CALLBACK
 COMMON         0x0000000020000074        0x2 Src/main.o
                0x0000000020000074                data
                0x0000000020000078                . = ALIGN (0x4)
 *fill*         0x0000000020000076        0x2 
                0x0000000020000078                _ebss = .
                0x0000000020000078                __bss_end__ = _ebss

._user_heap_stack
                0x0000000020000078      0x600 load address 0x0000000008000f20
                0x0000000020000078                . = ALIGN (0x8)
                [!provide]                        PROVIDE (end = .)
                0x0000000020000078                PROVIDE (_end = .)
                0x0000000020000278                . = (. + _Min_Heap_Size)
 *fill*         0x0000000020000078      0x200 
                0x0000000020000678                . = (. + _Min_Stack_Size)
 *fill*         0x0000000020000278      0x400 
                0x0000000020000678                . = ALIGN (0x8)

/DISCARD/
 libc.a(*)
 libm.a(*)
 libgcc.a(*)

.ARM.attributes
                0x0000000000000000       0x29
 *(.ARM.attributes)
 .ARM.attributes
                0x0000000000000000       0x1d c:/st/stm32cubeide_1.4.0/stm32cubeide/plugins/com.st.stm32cube.ide.mcu.externaltools.gnu-tools-for-stm32.7-2018-q2-update.win32_1.4.0.202007081208/tools/bin/../lib/gcc/arm-none-eabi/7.3.1/thumb/v7-m/crti.o
 .ARM.attributes
                0x000000000000001d       0x2d c:/st/stm32cubeide_1.4.0/stm32cubeide/plugins/com.st.stm32cube.ide.mcu.externaltools.gnu-tools-for-stm32.7-2018-q2-update.win32_1.4.0.202007081208/tools/bin/../lib/gcc/arm-none-eabi/7.3.1/thumb/v7-m/crtbegin.o
 .ARM.attributes
                0x000000000000004a       0x33 STM32F103C6_Drivers/EXTI.o
 .ARM.attributes
                0x000000000000007d       0x33 STM32F103C6_Drivers/GPIO.o
 .ARM.attributes
                0x00000000000000b0       0x33 STM32F103C6_Drivers/RCC.o
 .ARM.attributes
                0x00000000000000e3       0x33 STM32F103C6_Drivers/SPI_driver/SPI.o
 .ARM.attributes
                0x0000000000000116       0x33 STM32F103C6_Drivers/USART_driver/USART.o
 .ARM.attributes
                0x0000000000000149       0x33 Src/main.o
 .ARM.attributes
                0x000000000000017c       0x21 Startup/startup_stm32f103c6tx.o
 .ARM.attributes
                0x000000000000019d       0x2d c:/st/stm32cubeide_1.4.0/stm32cubeide/plugins/com.st.stm32cube.ide.mcu.externaltools.gnu-tools-for-stm32.7-2018-q2-update.win32_1.4.0.202007081208/tools/bin/../lib/gcc/arm-none-eabi/7.3.1/../../../../arm-none-eabi/lib/thumb/v7-m\libc_nano.a(lib_a-init.o)
 .ARM.attributes
                0x00000000000001ca       0x1d c:/st/stm32cubeide_1.4.0/stm32cubeide/plugins/com.st.stm32cube.ide.mcu.externaltools.gnu-tools-for-stm32.7-2018-q2-update.win32_1.4.0.202007081208/tools/bin/../lib/gcc/arm-none-eabi/7.3.1/thumb/v7-m/crtn.o
OUTPUT(DRIVERS.elf elf32-littlearm)

.debug_info     0x0000000000000000     0x5135
 .debug_info    0x0000000000000000      0xde7 STM32F103C6_Drivers/EXTI.o
 .debug_info    0x0000000000000de7      0xd4b STM32F103C6_Drivers/GPIO.o
 .debug_info    0x0000000000001b32      0xb09 STM32F103C6_Drivers/RCC.o
 .debug_info    0x000000000000263b      0xed1 STM32F103C6_Drivers/SPI_driver/SPI.o
 .debug_info    0x000000000000350c      0xe0d STM32F103C6_Drivers/USART_driver/USART.o
 .debug_info    0x0000000000004319      0xdfa Src/main.o
 .debug_info    0x0000000000005113       0x22 Startup/startup_stm32f103c6tx.o

.debug_abbrev   0x0000000000000000      0xc8c
 .debug_abbrev  0x0000000000000000      0x22a STM32F103C6_Drivers/EXTI.o
 .debug_abbrev  0x000000000000022a      0x232 STM32F103C6_Drivers/GPIO.o
 .debug_abbrev  0x000000000000045c      0x19b STM32F103C6_Drivers/RCC.o
 .debug_abbrev  0x00000000000005f7      0x240 STM32F103C6_Drivers/SPI_driver/SPI.o
 .debug_abbrev  0x0000000000000837      0x214 STM32F103C6_Drivers/USART_driver/USART.o
 .debug_abbrev  0x0000000000000a4b      0x22f Src/main.o
 .debug_abbrev  0x0000000000000c7a       0x12 Startup/startup_stm32f103c6tx.o

.debug_loc      0x0000000000000000      0xdd4
 .debug_loc     0x0000000000000000      0x37c STM32F103C6_Drivers/EXTI.o
 .debug_loc     0x000000000000037c      0x330 STM32F103C6_Drivers/GPIO.o
 .debug_loc     0x00000000000006ac       0xc8 STM32F103C6_Drivers/RCC.o
 .debug_loc     0x0000000000000774      0x2bc STM32F103C6_Drivers/SPI_driver/SPI.o
 .debug_loc     0x0000000000000a30      0x294 STM32F103C6_Drivers/USART_driver/USART.o
 .debug_loc     0x0000000000000cc4      0x110 Src/main.o

.debug_aranges  0x0000000000000000      0x238
 .debug_aranges
                0x0000000000000000       0x88 STM32F103C6_Drivers/EXTI.o
 .debug_aranges
                0x0000000000000088       0x60 STM32F103C6_Drivers/GPIO.o
 .debug_aranges
                0x00000000000000e8       0x38 STM32F103C6_Drivers/RCC.o
 .debug_aranges
                0x0000000000000120       0x58 STM32F103C6_Drivers/SPI_driver/SPI.o
 .debug_aranges
                0x0000000000000178       0x60 STM32F103C6_Drivers/USART_driver/USART.o
 .debug_aranges
                0x00000000000001d8       0x38 Src/main.o
 .debug_aranges
                0x0000000000000210       0x28 Startup/startup_stm32f103c6tx.o

.debug_ranges   0x0000000000000000      0x1d0
 .debug_ranges  0x0000000000000000       0x78 STM32F103C6_Drivers/EXTI.o
 .debug_ranges  0x0000000000000078       0x50 STM32F103C6_Drivers/GPIO.o
 .debug_ranges  0x00000000000000c8       0x28 STM32F103C6_Drivers/RCC.o
 .debug_ranges  0x00000000000000f0       0x48 STM32F103C6_Drivers/SPI_driver/SPI.o
 .debug_ranges  0x0000000000000138       0x50 STM32F103C6_Drivers/USART_driver/USART.o
 .debug_ranges  0x0000000000000188       0x28 Src/main.o
 .debug_ranges  0x00000000000001b0       0x20 Startup/startup_stm32f103c6tx.o

.debug_macro    0x0000000000000000     0x299f
 .debug_macro   0x0000000000000000      0x148 STM32F103C6_Drivers/EXTI.o
 .debug_macro   0x0000000000000148      0xa60 STM32F103C6_Drivers/EXTI.o
 .debug_macro   0x0000000000000ba8       0x18 STM32F103C6_Drivers/EXTI.o
 .debug_macro   0x0000000000000bc0       0x22 STM32F103C6_Drivers/EXTI.o
 .debug_macro   0x0000000000000be2       0x40 STM32F103C6_Drivers/EXTI.o
 .debug_macro   0x0000000000000c22       0x94 STM32F103C6_Drivers/EXTI.o
 .debug_macro   0x0000000000000cb6       0x3c STM32F103C6_Drivers/EXTI.o
 .debug_macro   0x0000000000000cf2       0x34 STM32F103C6_Drivers/EXTI.o
 .debug_macro   0x0000000000000d26       0x16 STM32F103C6_Drivers/EXTI.o
 .debug_macro   0x0000000000000d3c      0x10e STM32F103C6_Drivers/EXTI.o
 .debug_macro   0x0000000000000e4a       0x8d STM32F103C6_Drivers/EXTI.o
 .debug_macro   0x0000000000000ed7       0x57 STM32F103C6_Drivers/EXTI.o
 .debug_macro   0x0000000000000f2e       0x52 STM32F103C6_Drivers/EXTI.o
 .debug_macro   0x0000000000000f80       0x1f STM32F103C6_Drivers/EXTI.o
 .debug_macro   0x0000000000000f9f       0x43 STM32F103C6_Drivers/EXTI.o
 .debug_macro   0x0000000000000fe2       0x20 STM32F103C6_Drivers/EXTI.o
 .debug_macro   0x0000000000001002      0x1a3 STM32F103C6_Drivers/EXTI.o
 .debug_macro   0x00000000000011a5      0x330 STM32F103C6_Drivers/EXTI.o
 .debug_macro   0x00000000000014d5       0x16 STM32F103C6_Drivers/EXTI.o
 .debug_macro   0x00000000000014eb       0x29 STM32F103C6_Drivers/EXTI.o
 .debug_macro   0x0000000000001514       0xef STM32F103C6_Drivers/EXTI.o
 .debug_macro   0x0000000000001603       0x6a STM32F103C6_Drivers/EXTI.o
 .debug_macro   0x000000000000166d      0x1df STM32F103C6_Drivers/EXTI.o
 .debug_macro   0x000000000000184c      0x2c2 STM32F103C6_Drivers/EXTI.o
 .debug_macro   0x0000000000001b0e       0xca STM32F103C6_Drivers/EXTI.o
 .debug_macro   0x0000000000001bd8      0x227 STM32F103C6_Drivers/EXTI.o
 .debug_macro   0x0000000000001dff      0x13f STM32F103C6_Drivers/GPIO.o
 .debug_macro   0x0000000000001f3e       0xc4 STM32F103C6_Drivers/GPIO.o
 .debug_macro   0x0000000000002002      0x148 STM32F103C6_Drivers/RCC.o
 .debug_macro   0x000000000000214a       0x16 STM32F103C6_Drivers/RCC.o
 .debug_macro   0x0000000000002160      0x16a STM32F103C6_Drivers/SPI_driver/SPI.o
 .debug_macro   0x00000000000022ca       0xca STM32F103C6_Drivers/SPI_driver/SPI.o
 .debug_macro   0x0000000000002394      0x177 STM32F103C6_Drivers/USART_driver/USART.o
 .debug_macro   0x000000000000250b       0xe4 STM32F103C6_Drivers/USART_driver/USART.o
 .debug_macro   0x00000000000025ef      0x198 Src/main.o
 .debug_macro   0x0000000000002787       0xa0 Src/main.o
 .debug_macro   0x0000000000002827       0x40 Src/main.o
 .debug_macro   0x0000000000002867       0x4c Src/main.o
 .debug_macro   0x00000000000028b3       0x1c Src/main.o
 .debug_macro   0x00000000000028cf       0xd0 Src/main.o

.debug_line     0x0000000000000000     0x2781
 .debug_line    0x0000000000000000      0x6c3 STM32F103C6_Drivers/EXTI.o
 .debug_line    0x00000000000006c3      0x644 STM32F103C6_Drivers/GPIO.o
 .debug_line    0x0000000000000d07      0x586 STM32F103C6_Drivers/RCC.o
 .debug_line    0x000000000000128d      0x66b STM32F103C6_Drivers/SPI_driver/SPI.o
 .debug_line    0x00000000000018f8      0x67b STM32F103C6_Drivers/USART_driver/USART.o
 .debug_line    0x0000000000001f73      0x78a Src/main.o
 .debug_line    0x00000000000026fd       0x84 Startup/startup_stm32f103c6tx.o

.debug_str      0x0000000000000000     0xa9b6
 .debug_str     0x0000000000000000     0x9486 STM32F103C6_Drivers/EXTI.o
                                       0x96e7 (size before relaxing)
 .debug_str     0x0000000000009486      0x127 STM32F103C6_Drivers/GPIO.o
                                       0x8371 (size before relaxing)
 .debug_str     0x00000000000095ad       0xf7 STM32F103C6_Drivers/RCC.o
                                       0x8304 (size before relaxing)
 .debug_str     0x00000000000096a4      0x71b STM32F103C6_Drivers/SPI_driver/SPI.o
                                       0x89a2 (size before relaxing)
 .debug_str     0x0000000000009dbf      0x7d4 STM32F103C6_Drivers/USART_driver/USART.o
                                       0x8b13 (size before relaxing)
 .debug_str     0x000000000000a593      0x3f2 Src/main.o
                                       0xa5cc (size before relaxing)
 .debug_str     0x000000000000a985       0x31 Startup/startup_stm32f103c6tx.o
                                         0x6b (size before relaxing)

.comment        0x0000000000000000       0x7b
 .comment       0x0000000000000000       0x7b STM32F103C6_Drivers/EXTI.o
                                         0x7c (size before relaxing)
 .comment       0x000000000000007b       0x7c STM32F103C6_Drivers/GPIO.o
 .comment       0x000000000000007b       0x7c STM32F103C6_Drivers/RCC.o
 .comment       0x000000000000007b       0x7c STM32F103C6_Drivers/SPI_driver/SPI.o
 .comment       0x000000000000007b       0x7c STM32F103C6_Drivers/USART_driver/USART.o
 .comment       0x000000000000007b       0x7c Src/main.o

.debug_frame    0x0000000000000000      0x724
 .debug_frame   0x0000000000000000      0x1d8 STM32F103C6_Drivers/EXTI.o
 .debug_frame   0x00000000000001d8      0x178 STM32F103C6_Drivers/GPIO.o
 .debug_frame   0x0000000000000350       0x84 STM32F103C6_Drivers/RCC.o
 .debug_frame   0x00000000000003d4      0x144 STM32F103C6_Drivers/SPI_driver/SPI.o
 .debug_frame   0x0000000000000518      0x14c STM32F103C6_Drivers/USART_driver/USART.o
 .debug_frame   0x0000000000000664       0x94 Src/main.o
 .debug_frame   0x00000000000006f8       0x2c c:/st/stm32cubeide_1.4.0/stm32cubeide/plugins/com.st.stm32cube.ide.mcu.externaltools.gnu-tools-for-stm32.7-2018-q2-update.win32_1.4.0.202007081208/tools/bin/../lib/gcc/arm-none-eabi/7.3.1/../../../../arm-none-eabi/lib/thumb/v7-m\libc_nano.a(lib_a-init.o)
