
Allocating common symbols
Common symbol       size              file

BSS_Variables       0x3               main.o

Memory Configuration

Name             Origin             Length             Attributes
Flash            0x08000000         0x00020000         xr
SRam             0x20000000         0x00005000         xrw
*default*        0x00000000         0xffffffff

Linker script and memory map


.text           0x08000000       0xd8
 *(.vector*)
 .vector        0x08000000       0x50 startup.o
 *(.text*)
 .text          0x08000050       0x7c main.o
                0x08000050                main
 .text          0x080000cc        0x8 startup.o
 *(.rodata)
 .rodata        0x080000d4        0x3 main.o
                0x080000d4                C_Variables
                0x080000d8                . = ALIGN (0x4)
 *fill*         0x080000d7        0x1 
                0x080000d8                _E_Text = .

.glue_7         0x080000d8        0x0
 .glue_7        0x080000d8        0x0 linker stubs

.glue_7t        0x080000d8        0x0
 .glue_7t       0x080000d8        0x0 linker stubs

.vfp11_veneer   0x080000d8        0x0
 .vfp11_veneer  0x080000d8        0x0 linker stubs

.v4_bx          0x080000d8        0x0
 .v4_bx         0x080000d8        0x0 linker stubs

.iplt           0x080000d8        0x0
 .iplt          0x080000d8        0x0 main.o

.rel.dyn        0x080000d8        0x0
 .rel.iplt      0x080000d8        0x0 main.o

.data           0x20000000        0x4 load address 0x080000d8
                0x20000000                _S_Data = .
 *(.data)
 .data          0x20000000        0x3 main.o
                0x20000000                G_Variables
 .data          0x20000003        0x0 startup.o
                0x20000004                . = ALIGN (0x4)
 *fill*         0x20000003        0x1 
                0x20000004                _E_Data = .

.igot.plt       0x20000004        0x0 load address 0x080000dc
 .igot.plt      0x20000004        0x0 main.o

.bss            0x20000004     0x1004 load address 0x080000dc
                0x20000004                _S_BSS = .
 *(.bss)
 .bss           0x20000004        0x0 main.o
 .bss           0x20000004        0x0 startup.o
 *(COMMON)
 COMMON         0x20000004        0x3 main.o
                0x20000004                BSS_Variables
                0x20000008                . = ALIGN (0x4)
 *fill*         0x20000007        0x1 
                0x20000008                _E_BSS = .
                0x20001008                . = (. + 0x1000)
 *fill*         0x20000008     0x1000 
                0x20001008                _Stack_Top = .
LOAD main.o
LOAD startup.o
OUTPUT(Toggle_led.elf elf32-littlearm)

.debug_info     0x00000000      0xa53
 .debug_info    0x00000000      0xa2d main.o
 .debug_info    0x00000a2d       0x26 startup.o

.debug_abbrev   0x00000000      0x1b5
 .debug_abbrev  0x00000000      0x1a1 main.o
 .debug_abbrev  0x000001a1       0x14 startup.o

.debug_loc      0x00000000       0x38
 .debug_loc     0x00000000       0x38 main.o

.debug_aranges  0x00000000       0x40
 .debug_aranges
                0x00000000       0x20 main.o
 .debug_aranges
                0x00000020       0x20 startup.o

.debug_line     0x00000000      0x1f5
 .debug_line    0x00000000      0x1ba main.o
 .debug_line    0x000001ba       0x3b startup.o

.debug_str      0x00000000      0x507
 .debug_str     0x00000000      0x4ee main.o
                                0x557 (size before relaxing)
 .debug_str     0x000004ee       0x19 startup.o
                                 0x3c (size before relaxing)

.comment        0x00000000       0x7e
 .comment       0x00000000       0x7e main.o
                                 0x7f (size before relaxing)

.ARM.attributes
                0x00000000       0x31
 .ARM.attributes
                0x00000000       0x33 main.o
 .ARM.attributes
                0x00000033       0x21 startup.o

.debug_frame    0x00000000       0x2c
 .debug_frame   0x00000000       0x2c main.o
