EXTI.c:24:9:AFIO_GPIO_EXTI_Mapping	16	static
EXTI.c:33:6:ENABLE_NVIC	16	static
EXTI.c:71:6:DISABLE_NVIC	16	static
EXTI.c:109:6:UPDATE_EXTI	24	static
EXTI.c:179:6:MCAL_EXTI_GPIO_Init	16	static
EXTI.c:194:6:MCAL_EXTI_GPIO_DeInit	4	static
EXTI.c:223:6:MCAL_EXTI_GPIO_Update	16	static
EXTI.c:233:6:EXTI0_IRQHandler	8	static
EXTI.c:244:6:EXTI1_IRQHandler	8	static
EXTI.c:254:6:EXTI2_IRQHandler	8	static
EXTI.c:264:6:EXTI3_IRQHandler	8	static
EXTI.c:274:6:EXTI4_IRQHandler	8	static
EXTI.c:284:6:EXTI9_5_IRQHandler	8	static
EXTI.c:329:6:EXTI15_10_IRQHandler	8	static
